src/services/pricing.service.ts(285,29): error TS2353: Object literal may only specify known properties, and 'metalType' does not exist in type 'MetalRateWhereInput'.
src/services/pricing.service.ts(289,49): error TS2339: Property 'rate' does not exist on type '{ id: string; shopId: string; ratePerGram: number; updatedBy: string; reason: string; createdAt: Date; updatedAt: Date; rateSource: string; metal: string; karat: number; purity: number; }'.
src/services/pricing.service.ts(299,29): error TS2353: Object literal may only specify known properties, and 'color' does not exist in type 'EnamelRateWhereInput'.
